purpose=C07-C10 probes on arm64 zh; container=api-e2e-keyring-arm64-zh; fcitx5: 35 fcitx5 -D -r

===== C09 operator view =====
C09 operator-view probe utc=2026-09-25T05:26:03Z image_variant=zh
  0xe00032  class="xfwm4", "Xfwm4"  name=Xfwm4
  0x2000013  class="xfdesktop", "Xfdesktop"  name=Desktop
  0x800004  class="chromium", "Chromium"  name=Directory listing for / - Chromium
  0x1e00003  class="xfce4-panel", "Xfce4-panel"  name=xfce4-panel
  0x2800003  class="wrapper-2.0", "Wrapper-2.0"  name=wrapper-2.0
  0x2c00003  class="wrapper-2.0", "Wrapper-2.0"  name=wrapper-2.0
  0x2600003  class="wrapper-2.0", "Wrapper-2.0"  name=wrapper-2.0
  0x2e00003  class="wrapper-2.0", "Wrapper-2.0"  name=wrapper-2.0
  0x1e00010  class="xfce4-panel", "Xfce4-panel"  name=xfce4-panel
  0x1e00014  class="xfce4-panel", "Xfce4-panel"  name=xfce4-panel
PASS: no keyring/prompter/unlock window exists anywhere in the X11 tree (xwininfo -root -tree)
PASS: no gcr-prompter / gnome-keyring-daemon / pinentry process
  Activating service name='org.freedesktop.systemd1' requested by ':1.0' (uid=1000 pid=66 comm="systemctl --user list-jobs
  Activating service name='org.a11y.Bus' requested by ':1.8' (uid=1000 pid=34 comm="xfce4-session
  Activating service name='org.xfce.Xfconf' requested by ':1.11' (uid=1000 pid=34 comm="xfce4-session
  Activating service name='org.gtk.vfs.Daemon' requested by ':1.13' (uid=1000 pid=40 comm="/usr/lib/chromium/chromium --password-st
  Activating service name='org.a11y.atspi.Registry' requested by ':1.0' (uid=1000 pid=34 comm="xfce4-session
  Activating service name='org.freedesktop.portal.Desktop' requested by ':1.3' (uid=1000 pid=35 comm="fcitx5 -D -r
  Activating service name='org.freedesktop.portal.Documents' requested by ':1.18' (uid=1000 pid=160 comm="/usr/libexec/xdg-desktop-portal
  Activating service name='org.freedesktop.impl.portal.PermissionStore' requested by ':1.20' (uid=1000 pid=167 comm="/usr/libexec/xdg-document-portal
  Activating service name='org.freedesktop.impl.portal.desktop.gtk' requested by ':1.18' (uid=1000 pid=160 comm="/usr/libexec/xdg-desktop-portal
  Activating service name='org.freedesktop.Notifications' requested by ':1.1' (uid=1000 pid=40 comm="/usr/lib/chromium/chromium --password-st
  Activating service name='org.freedesktop.systemd1' requested by ':1.31' (uid=1000 pid=363 comm="systemctl --user start xfce4-notifyd.ser
  Activating service name='org.freedesktop.thumbnails.Thumbnailer1' requested by ':1.30' (uid=1000 pid=335 comm="xfdesktop
  Activating service name='ca.desrt.dconf' requested by ':1.36' (uid=1000 pid=375 comm="light-locker
  Activating service name='org.gtk.vfs.UDisks2VolumeMonitor' requested by ':1.35' (uid=1000 pid=379 comm="/usr/lib/aarch64-linux-gnu/tumbler-1/tum
  Activating service name='org.gtk.vfs.AfcVolumeMonitor' requested by ':1.35' (uid=1000 pid=379 comm="/usr/lib/aarch64-linux-gnu/tumbler-1/tum
  Activating service name='org.gtk.vfs.GoaVolumeMonitor' requested by ':1.35' (uid=1000 pid=379 comm="/usr/lib/aarch64-linux-gnu/tumbler-1/tum
  Activating service name='org.gtk.vfs.GPhoto2VolumeMonitor' requested by ':1.35' (uid=1000 pid=379 comm="/usr/lib/aarch64-linux-gnu/tumbler-1/tum
  Activating service name='org.gtk.vfs.MTPVolumeMonitor' requested by ':1.35' (uid=1000 pid=379 comm="/usr/lib/aarch64-linux-gnu/tumbler-1/tum
  Activating service name='org.gtk.vfs.Metadata' requested by ':1.30' (uid=1000 pid=335 comm="xfdesktop
PASS: no Secret Service, portal Secret backend, gnome-keyring prompter or e-d-s UserPrompter activation
screenshot: /tmp/c09.png (488439 bytes)
C09 failures=0
exit=0

===== C10 keyring clients =====
C10 keyring-client probe utc=2026-09-25T05:26:03Z image_variant=zh python=Python 3.12.3 libsecret=0.21.4-1build3
vncuser libsecret store (desktop user, own session bus): rc=3 wall_ms=112 output=store: ERROR Error: g-dbus-error-quark: The name org.freedesktop.secrets was not provided by any .service files (2) elapsed_ms=8 
PASS: vncuser libsecret store (desktop user, own session bus) failed fast (112 ms <= 2000 ms)
vncuser libsecret lookup: rc=3 wall_ms=44 output=lookup: ERROR Error: g-dbus-error-quark: The name org.freedesktop.secrets was not provided by any .service files (2) elapsed_ms=3 
PASS: vncuser libsecret lookup failed fast (44 ms <= 2000 ms)
root libsecret store (inherited vncuser bus address): rc=3 wall_ms=37 output=store: ERROR Error: g-io-error-quark: The connection is closed (18) elapsed_ms=1 
PASS: root libsecret store (inherited vncuser bus address) failed fast (37 ms <= 2000 ms)
vncuser dbus-send Secret Service ping: rc=1 wall_ms=5 output=Error org.freedesktop.DBus.Error.ServiceUnknown: The name org.freedesktop.secrets was not provided by any .service files 
PASS: vncuser dbus-send Secret Service ping failed fast (5 ms <= 2000 ms)
PASS: no prompt/provider process after the client requests
C10 failures=0
exit=0

===== C08 external https navigation =====
PASS: https://www.wikipedia.org/ -> {"url":"https://www.wikipedia.org/","readyState":"complete","title":"Wikipedia"} in 678 ms (limit 30000)
PASS: https://example.com/ -> {"url":"https://example.com/","readyState":"complete","title":"Example Domain"} in 164 ms (limit 30000)
PASS: https://github.com/autobyteus -> {"url":"https://github.com/autobyteus","readyState":"complete","title":"AutoByteus · GitHub"} in 1615 ms (limit 30000)
INFO: Chromium cookie store holds 11 cookies for [".github.com",".wikipedia.org","github.com","www.wikipedia.org"]
PASS: cookie store is initialised and readable (no keyring needed)
exit=0

===== C07 launch paths =====
C07 launch-path probe start_utc=2026-09-25T05:26:06Z image_variant=zh vnc_uid=1000 chromium=Chromium 153.0.8010.52 built on Ubuntu 24.04.5 LTS
xdg-mime http default: chromium.desktop
xfce WebBrowser helper: WebBrowser=debian-sensible-browser  ; x-www-browser -> /usr/bin/chromium; sensible-browser=/usr/bin/sensible-browser
--- server bridge (warm): root -> open-vnc-browser-url.sh -> runuser vncuser xdg-open ---
PASS: server bridge (warm): tab c07=warm-bridge rendered 'Directory listing for /' in 1 s via DevTools /json/list
PASS: server bridge (warm): URL was handed to the existing Supervisor Chromium (pid 40)
PASS: server bridge (warm): no keyring/prompter process and no secrets/keyring/portal D-Bus activation
--- server bridge (cold): cold launch (Supervisor chrome STOPPED, no Chromium running) ---
$ /usr/local/bin/open-vnc-browser-url.sh http://127.0.0.1:6080/?c07=cold-bridge
main pid=1357 ancestry: chromium[1357] <- xfce4-mime-help[1356] <- supervisord[1]
main cmdline: /usr/lib/chromium/chromium --password-store=basic --show-component-extension-options --enable-gpu-rasterization --no-default-browser-check --disable-pings --media-router=0 --disable-dev-shm-usage --enable-remote-extensions --load-extension http://127.0.0.1:6080/?c07=cold-bridge 
PASS: server bridge (cold): new Chromium main process carries --password-store=basic
PASS: server bridge (cold): process did not come from start-chrome.sh (no remote-debugging flag)
PASS: server bridge (cold): page rendered unattended in 1 s; window title: Directory listing for / - Chromium
PASS: server bridge (cold): no keyring/prompter process and no secrets/keyring/portal D-Bus activation
--- XFCE exo-open --launch WebBrowser (cold): cold launch (Supervisor chrome STOPPED, no Chromium running) ---
$ runuser -u vncuser -- env DISPLAY=:99 XAUTHORITY=/home/vncuser/.Xauthority XDG_RUNTIME_DIR=/run/user/1000 DBUS_SESSION_BUS_ADDRESS=unix:path=/run/user/1000/bus HOME=/home/vncuser /usr/bin/exo-open --launch WebBrowser http://127.0.0.1:6080/?c07=cold-exo
main pid=1595 ancestry: chromium[1595] <- xfce4-mime-help[1594] <- supervisord[1]
main cmdline: /usr/lib/chromium/chromium --password-store=basic --show-component-extension-options --enable-gpu-rasterization --no-default-browser-check --disable-pings --media-router=0 --disable-dev-shm-usage --enable-remote-extensions --load-extension http://127.0.0.1:6080/?c07=cold-exo 
PASS: XFCE exo-open --launch WebBrowser (cold): new Chromium main process carries --password-store=basic
PASS: XFCE exo-open --launch WebBrowser (cold): process did not come from start-chrome.sh (no remote-debugging flag)
PASS: XFCE exo-open --launch WebBrowser (cold): page rendered unattended in 1 s; window title: Directory listing for / - Chromium
PASS: XFCE exo-open --launch WebBrowser (cold): no keyring/prompter process and no secrets/keyring/portal D-Bus activation
--- desktop entry gtk-launch chromium (cold): cold launch (Supervisor chrome STOPPED, no Chromium running) ---
$ runuser -u vncuser -- env DISPLAY=:99 XAUTHORITY=/home/vncuser/.Xauthority XDG_RUNTIME_DIR=/run/user/1000 DBUS_SESSION_BUS_ADDRESS=unix:path=/run/user/1000/bus HOME=/home/vncuser /usr/bin/gtk-launch chromium http://127.0.0.1:6080/?c07=cold-gtk
main pid=1828 ancestry: chromium[1828] <- supervisord[1]
main cmdline: /usr/lib/chromium/chromium --password-store=basic --show-component-extension-options --enable-gpu-rasterization --no-default-browser-check --disable-pings --media-router=0 --disable-dev-shm-usage --enable-remote-extensions --load-extension http://127.0.0.1:6080/?c07=cold-gtk 
PASS: desktop entry gtk-launch chromium (cold): new Chromium main process carries --password-store=basic
PASS: desktop entry gtk-launch chromium (cold): process did not come from start-chrome.sh (no remote-debugging flag)
PASS: desktop entry gtk-launch chromium (cold): page rendered unattended in 1 s; window title: Directory listing for / - Chromium
PASS: desktop entry gtk-launch chromium (cold): no keyring/prompter process and no secrets/keyring/portal D-Bus activation
PASS: restored Supervisor Chromium (pid 2037) carries --password-store=basic and DevTools 9222
supervisorctl status chrome: chrome                           RUNNING   pid 2037, uptime 0:00:01
C07 end_utc=2026-09-25T05:26:16Z failures=0
exit=0

===== C09 re-audit after C07/C08 =====
C09 operator-view probe utc=2026-09-25T05:26:16Z image_variant=zh
PASS: no keyring/prompter/unlock window exists anywhere in the X11 tree (xwininfo -root -tree)
PASS: no gcr-prompter / gnome-keyring-daemon / pinentry process
PASS: no Secret Service, portal Secret backend, gnome-keyring prompter or e-d-s UserPrompter activation
screenshot: /tmp/c09b.png (499557 bytes)
C09 failures=0
exit=0
