purpose=API-REV-001 cleanup of resources created by this validation run only (prefix api-e2e-keyring-*)
start_utc=2026-09-25T05:34:05Z
containers before: 5
api-e2e-keyring-amd64-zh
api-e2e-keyring-amd64-default
api-e2e-keyring-arm64-zh
api-e2e-keyring-arm64-custom-1234
api-e2e-keyring-arm64-default
volumes before: 5
api-e2e-keyring-amd64-default-profile
api-e2e-keyring-amd64-zh-profile
api-e2e-keyring-arm64-custom-1234-profile
api-e2e-keyring-arm64-default-profile
api-e2e-keyring-arm64-zh-profile
images removed:
autobyteus/chrome-vnc:api-e2e-keyring-amd64-zh 93b7ac9f4393
autobyteus/chrome-vnc:api-e2e-keyring-arm64-zh 097a13357f3d
autobyteus/chrome-vnc:api-e2e-keyring-amd64-default b39b67fe98fe
autobyteus/chrome-vnc:api-e2e-keyring-arm64-default 8ba7962fa3c2
autobyteus/chrome-vnc:api-e2e-keyring-arm64-custom-1234 1168cbf814c5
  done
temp source export and mutation copies removed; harness copied to evidence/api-e2e-rev001-harness/
remaining api-e2e-keyring containers: 0  volumes: 0  images: 0
untouched (not owned by this run): local tags latest=f5a12a4fc553 zh=24ca92cb4a27 1.4.0=cb49a54d8e74 1.3.8-arm64=3c4d79b985ca; implementation images impl-keyring-*: 5 (owned by implementation_engineer, left in place)
user's autobyteus-server-* containers (listed only, not modified): autobyteus-server-6 Up 22 hours;autobyteus-server-5 Up 22 hours;autobyteus-server-4 Up 22 hours;autobyteus-server-2 Up 22 hours;autobyteus-server-1 Up 22 hours;autobyteus-server-0 Up 3 hours;autobyteus-server-3 Up 2 weeks;
buildx cache: shared builder multi-platform-builder left as is
end_utc=2026-09-25T05:34:36Z
