target=amd64-default platform=linux/amd64 variant=default uid=1000 image=autobyteus/chrome-vnc:api-e2e-keyring-amd64-default
$ docker run -d --name api-e2e-keyring-amd64-default --platform linux/amd64 --cap-add SYS_ADMIN --security-opt seccomp=unconfined -v api-e2e-keyring-amd64-default-profile:/home/vncuser/.config/chromium autobyteus/chrome-vnc:api-e2e-keyring-amd64-default   start_utc=2026-09-25T05:24:28Z
d5e601add184db07e4c2a55146dcd2acffc8d9b1822b59d1a6181a85e1a2b81d
=== C05 $ tests/validate-running-container.sh api-e2e-keyring-amd64-default default 1000
chrome                           RUNNING   pid 38, uptime 0:00:06
copyq                            RUNNING   pid 37, uptime 0:00:06
dbus                             RUNNING   pid 32, uptime 0:00:06
disable_screensaver              EXITED    Sep 25 05:24 AM
fcitx                            RUNNING   pid 35, uptime 0:00:06
socat                            RUNNING   pid 39, uptime 0:00:06
tigervnc                         RUNNING   pid 33, uptime 0:00:06
websockify                       RUNNING   pid 40, uptime 0:00:06
xfce                             RUNNING   pid 34, uptime 0:00:06
PASS: isolated Supervisor 4.3.0, Python 3.13 process ownership, UID/XDG/DBus, VNC, websockify, DevTools, Chromium password-store and profile-write contracts validated.
PASS: Chromium rendered semantic DOM through DevTools: {"title":"BRD-UBUNTU24-001","evidence":"Noble browser render passed"}
PASS: Chromium loaded http://127.0.0.1:6080/ unattended in 1105 ms: {"url":"http://127.0.0.1:6080/","readyState":"complete","title":"Directory listing for /"}
PASS: no keyring prompt/provider process or Secret Service activation; vncuser Secret Service request failed in 195 ms: Error org.freedesktop.DBus.Error.ServiceUnknown: The name org.freedesktop.secrets was not provided by any .service files
exit=0 elapsed_s=15
chromium: Chromium 153.0.8010.52 built on Ubuntu 24.04.5 LTS
end_utc=2026-09-25T05:24:44Z
