===== autobyteus-server-0 operator view (read-only) 2026-09-25T08:49:08Z
C09 operator-view probe utc=2026-09-25T08:49:08Z image_variant=default
--- visible top-level windows (xdotool search --onlyvisible) ---
  0xc00032  class="xfwm4", "Xfwm4"  name=Xfwm4
  0x1a00013  class="xfdesktop", "Xfdesktop"  name=Desktop
  0x600004  class="chromium", "Chromium"  name=New Tab - Chromium
  0x1800003  class="xfce4-panel", "Xfce4-panel"  name=xfce4-panel
  0x2400003  class="wrapper-2.0", "Wrapper-2.0"  name=wrapper-2.0
  0x2800003  class="wrapper-2.0", "Wrapper-2.0"  name=wrapper-2.0
  0x2600003  class="wrapper-2.0", "Wrapper-2.0"  name=wrapper-2.0
  0x2c00003  class="wrapper-2.0", "Wrapper-2.0"  name=wrapper-2.0
  0x1800010  class="xfce4-panel", "Xfce4-panel"  name=xfce4-panel
  0x1800014  class="xfce4-panel", "Xfce4-panel"  name=xfce4-panel
PASS: no keyring/prompter/unlock window exists anywhere in the X11 tree (xwininfo -root -tree)
PASS: no gcr-prompter / gnome-keyring-daemon / pinentry process
--- every session D-Bus activation since container start (/var/log/supervisor/dbus.err.log) ---
  Activating service name='org.freedesktop.systemd1' requested by ':1.0' (uid=1000 pid=77 comm="systemctl --user list-jobs
  Activating service name='org.a11y.Bus' requested by ':1.2' (uid=1000 pid=36 comm="xfce4-session
  Activating service name='org.xfce.Xfconf' requested by ':1.4' (uid=1000 pid=36 comm="xfce4-session
  Activating service name='org.a11y.atspi.Registry' requested by ':1.0' (uid=1000 pid=36 comm="xfce4-session
  Activating service name='org.gtk.vfs.Daemon' requested by ':1.8' (uid=1000 pid=40 comm="/usr/lib/chromium/chromium --password-st
  Activating service name='org.freedesktop.thumbnails.Thumbnailer1' requested by ':1.17' (uid=1000 pid=248 comm="xfdesktop
  Activating service name='org.freedesktop.systemd1' requested by ':1.19' (uid=1000 pid=298 comm="systemctl --user start xfce4-notifyd.ser
  Activating service name='ca.desrt.dconf' requested by ':1.23' (uid=1000 pid=308 comm="light-locker
  Activating service name='org.freedesktop.portal.Desktop' requested by ':1.1' (uid=1000 pid=40 comm="/usr/lib/chromium/chromium --password-st
  Activating service name='org.freedesktop.portal.Documents' requested by ':1.29' (uid=1000 pid=352 comm="/usr/libexec/xdg-desktop-portal
  Activating service name='org.freedesktop.impl.portal.PermissionStore' requested by ':1.30' (uid=1000 pid=358 comm="/usr/libexec/xdg-document-portal
  Activating service name='org.freedesktop.impl.portal.desktop.gtk' requested by ':1.29' (uid=1000 pid=352 comm="/usr/libexec/xdg-desktop-portal
  Activating service name='org.gtk.vfs.UDisks2VolumeMonitor' requested by ':1.18' (uid=1000 pid=290 comm="/usr/lib/aarch64-linux-gnu/tumbler-1/tum
  Activating service name='org.gtk.vfs.AfcVolumeMonitor' requested by ':1.18' (uid=1000 pid=290 comm="/usr/lib/aarch64-linux-gnu/tumbler-1/tum
  Activating service name='org.gtk.vfs.GoaVolumeMonitor' requested by ':1.18' (uid=1000 pid=290 comm="/usr/lib/aarch64-linux-gnu/tumbler-1/tum
  Activating service name='org.gtk.vfs.GPhoto2VolumeMonitor' requested by ':1.18' (uid=1000 pid=290 comm="/usr/lib/aarch64-linux-gnu/tumbler-1/tum
  Activating service name='org.gtk.vfs.MTPVolumeMonitor' requested by ':1.18' (uid=1000 pid=290 comm="/usr/lib/aarch64-linux-gnu/tumbler-1/tum
  Activating service name='org.gtk.vfs.Metadata' requested by ':1.17' (uid=1000 pid=248 comm="xfdesktop
--- successful activations ---
        1 Successfully activated service 'ca.desrt.dconf'
        1 Successfully activated service 'org.a11y.atspi.Registry'
        1 Successfully activated service 'org.a11y.Bus'
        1 Successfully activated service 'org.freedesktop.impl.portal.desktop.gtk'
        1 Successfully activated service 'org.freedesktop.impl.portal.PermissionStore'
        1 Successfully activated service 'org.freedesktop.portal.Desktop'
        1 Successfully activated service 'org.freedesktop.portal.Documents'
        1 Successfully activated service 'org.freedesktop.thumbnails.Thumbnailer1'
        1 Successfully activated service 'org.gtk.vfs.AfcVolumeMonitor'
        1 Successfully activated service 'org.gtk.vfs.Daemon'
        1 Successfully activated service 'org.gtk.vfs.GoaVolumeMonitor'
        1 Successfully activated service 'org.gtk.vfs.GPhoto2VolumeMonitor'
        1 Successfully activated service 'org.gtk.vfs.Metadata'
        1 Successfully activated service 'org.gtk.vfs.MTPVolumeMonitor'
        1 Successfully activated service 'org.gtk.vfs.UDisks2VolumeMonitor'
        1 Successfully activated service 'org.xfce.Xfconf'
PASS: no Secret Service, portal Secret backend, gnome-keyring prompter or e-d-s UserPrompter activation
screenshot: /tmp/dr002-node-view.png (70106 bytes)
C09 failures=0
exit=0
screenshot: delivery-dr002-node-autobyteus-server-0-operator-view.png
===== autobyteus-server-3 operator view (read-only) 2026-09-25T08:49:09Z
C09 operator-view probe utc=2026-09-25T08:49:09Z image_variant=zh
--- visible top-level windows (xdotool search --onlyvisible) ---
  0xe00032  class="xfwm4", "Xfwm4"  name=Xfwm4
  0x1e00013  class="xfdesktop", "Xfdesktop"  name=Desktop
  0x200004  class="chromium", "Chromium"  name=New Tab - Chromium
  0x1c00003  class="xfce4-panel", "Xfce4-panel"  name=xfce4-panel
  0x2400003  class="wrapper-2.0", "Wrapper-2.0"  name=wrapper-2.0
  0x2a00003  class="wrapper-2.0", "Wrapper-2.0"  name=wrapper-2.0
  0x2c00003  class="wrapper-2.0", "Wrapper-2.0"  name=wrapper-2.0
  0x2e00003  class="wrapper-2.0", "Wrapper-2.0"  name=wrapper-2.0
  0x1c00010  class="xfce4-panel", "Xfce4-panel"  name=xfce4-panel
  0x1c00014  class="xfce4-panel", "Xfce4-panel"  name=xfce4-panel
PASS: no keyring/prompter/unlock window exists anywhere in the X11 tree (xwininfo -root -tree)
PASS: no gcr-prompter / gnome-keyring-daemon / pinentry process
--- every session D-Bus activation since container start (/var/log/supervisor/dbus.err.log) ---
  Activating service name='org.freedesktop.systemd1' requested by ':1.0' (uid=1000 pid=74 comm="systemctl --user list-jobs
  Activating service name='org.a11y.Bus' requested by ':1.7' (uid=1000 pid=36 comm="xfce4-session
  Activating service name='org.xfce.Xfconf' requested by ':1.10' (uid=1000 pid=36 comm="xfce4-session
  Activating service name='org.a11y.atspi.Registry' requested by ':1.0' (uid=1000 pid=36 comm="xfce4-session
  Activating service name='org.gtk.vfs.Daemon' requested by ':1.14' (uid=1000 pid=44 comm="/usr/lib/chromium/chromium --password-st
  Activating service name='org.freedesktop.portal.Desktop' requested by ':1.3' (uid=1000 pid=37 comm="fcitx5 -D -r
  Activating service name='org.freedesktop.portal.Documents' requested by ':1.17' (uid=1000 pid=163 comm="/usr/libexec/xdg-desktop-portal
  Activating service name='org.freedesktop.impl.portal.PermissionStore' requested by ':1.19' (uid=1000 pid=178 comm="/usr/libexec/xdg-document-portal
  Activating service name='org.freedesktop.impl.portal.desktop.gtk' requested by ':1.17' (uid=1000 pid=163 comm="/usr/libexec/xdg-desktop-portal
  Activating service name='org.freedesktop.systemd1' requested by ':1.30' (uid=1000 pid=314 comm="systemctl --user start xfce4-notifyd.ser
  Activating service name='org.freedesktop.thumbnails.Thumbnailer1' requested by ':1.28' (uid=1000 pid=285 comm="xfdesktop
  Activating service name='ca.desrt.dconf' requested by ':1.33' (uid=1000 pid=317 comm="light-locker
  Activating service name='org.gtk.vfs.UDisks2VolumeMonitor' requested by ':1.35' (uid=1000 pid=346 comm="/usr/lib/aarch64-linux-gnu/tumbler-1/tum
  Activating service name='org.gtk.vfs.AfcVolumeMonitor' requested by ':1.35' (uid=1000 pid=346 comm="/usr/lib/aarch64-linux-gnu/tumbler-1/tum
  Activating service name='org.gtk.vfs.GoaVolumeMonitor' requested by ':1.35' (uid=1000 pid=346 comm="/usr/lib/aarch64-linux-gnu/tumbler-1/tum
  Activating service name='org.gtk.vfs.GPhoto2VolumeMonitor' requested by ':1.35' (uid=1000 pid=346 comm="/usr/lib/aarch64-linux-gnu/tumbler-1/tum
  Activating service name='org.gtk.vfs.MTPVolumeMonitor' requested by ':1.35' (uid=1000 pid=346 comm="/usr/lib/aarch64-linux-gnu/tumbler-1/tum
  Activating service name='org.gtk.vfs.Metadata' requested by ':1.28' (uid=1000 pid=285 comm="xfdesktop
--- successful activations ---
        1 Successfully activated service 'ca.desrt.dconf'
        1 Successfully activated service 'org.a11y.atspi.Registry'
        1 Successfully activated service 'org.a11y.Bus'
        1 Successfully activated service 'org.freedesktop.impl.portal.desktop.gtk'
        1 Successfully activated service 'org.freedesktop.impl.portal.PermissionStore'
        1 Successfully activated service 'org.freedesktop.portal.Desktop'
        1 Successfully activated service 'org.freedesktop.portal.Documents'
        1 Successfully activated service 'org.freedesktop.thumbnails.Thumbnailer1'
        1 Successfully activated service 'org.gtk.vfs.AfcVolumeMonitor'
        1 Successfully activated service 'org.gtk.vfs.Daemon'
        1 Successfully activated service 'org.gtk.vfs.GoaVolumeMonitor'
        1 Successfully activated service 'org.gtk.vfs.GPhoto2VolumeMonitor'
        1 Successfully activated service 'org.gtk.vfs.Metadata'
        1 Successfully activated service 'org.gtk.vfs.MTPVolumeMonitor'
        1 Successfully activated service 'org.gtk.vfs.UDisks2VolumeMonitor'
        1 Successfully activated service 'org.xfce.Xfconf'
PASS: no Secret Service, portal Secret backend, gnome-keyring prompter or e-d-s UserPrompter activation
screenshot: /tmp/dr002-node-view.png (85349 bytes)
C09 failures=0
exit=0
screenshot: delivery-dr002-node-autobyteus-server-3-operator-view.png
