start_utc=2026-09-25T04:43:26Z
image=autobyteus/chrome-vnc:impl-keyring-arm64-default id=sha256:bb66fdb1be890dcf96128d65f774fbb4968312efb19e39627f7f8cf06dca3293 arch=arm64
$ docker run -d --name impl-keyring-arm64-default --platform linux/arm64 --cap-add SYS_ADMIN --security-opt seccomp=unconfined -v impl-keyring-arm64-default-profile:/home/vncuser/.config/chromium autobyteus/chrome-vnc:impl-keyring-arm64-default
34eb8c5d7bd06f2996c58b410ae7e79a9e5826eab68d9768cc823573b77d8285
=== $ tests/validate-running-container.sh impl-keyring-arm64-default default
chrome                           RUNNING   pid 41, uptime 0:00:06
copyq                            RUNNING   pid 37, uptime 0:00:06
dbus                             RUNNING   pid 32, uptime 0:00:06
disable_screensaver              EXITED    Sep 25 04:43 AM
fcitx                            RUNNING   pid 35, uptime 0:00:06
socat                            RUNNING   pid 44, uptime 0:00:06
tigervnc                         RUNNING   pid 33, uptime 0:00:06
websockify                       RUNNING   pid 47, uptime 0:00:06
xfce                             RUNNING   pid 34, uptime 0:00:06
FAIL: Chromium main process 41 does not carry --password-store=basic
exit=1
=== supplementary inspection (not a committed check) ===
chromium_main_pid=41
/usr/lib/chromium/chromium --password-store=basic --show-component-extension-options --enable-gpu-rasterization --no-default-browser-check --disable-pings --media-router=0 --disable-dev-shm-usage --enable-remote-extensions --load-extension --no-first-run --disable-gpu --disable-dev-shm-usage --remote-debugging-port=9222 
--- dbus.err.log activation lines:
dbus-daemon[32]: [session uid=1000 pid=32] Activating service name='org.freedesktop.systemd1' requested by ':1.0' (uid=1000 pid=63 comm="systemctl --user list-jobs")
dbus-daemon[32]: [session uid=1000 pid=32] Activating service name='org.a11y.Bus' requested by ':1.2' (uid=1000 pid=34 comm="xfce4-session")
dbus-daemon[32]: [session uid=1000 pid=32] Activating service name='org.gtk.vfs.Daemon' requested by ':1.5' (uid=1000 pid=41 comm="/usr/lib/chromium/chromium --password-store=basic ")
dbus-daemon[32]: [session uid=1000 pid=32] Activating service name='org.xfce.Xfconf' requested by ':1.6' (uid=1000 pid=34 comm="xfce4-session")
dbus-daemon[119]: Activating service name='org.a11y.atspi.Registry' requested by ':1.0' (uid=1000 pid=34 comm="xfce4-session")
dbus-daemon[32]: [session uid=1000 pid=32] Activating service name='org.freedesktop.Notifications' requested by ':1.1' (uid=1000 pid=41 comm="/usr/lib/chromium/chromium --password-store=basic ")
dbus-daemon[32]: [session uid=1000 pid=32] Activating service name='org.freedesktop.portal.Desktop' requested by ':1.1' (uid=1000 pid=41 comm="/usr/lib/chromium/chromium --password-store=basic ")
dbus-daemon[32]: [session uid=1000 pid=32] Activating service name='org.freedesktop.portal.Documents' requested by ':1.19' (uid=1000 pid=287 comm="/usr/libexec/xdg-desktop-portal")
dbus-daemon[32]: [session uid=1000 pid=32] Activating service name='org.freedesktop.impl.portal.PermissionStore' requested by ':1.20' (uid=1000 pid=293 comm="/usr/libexec/xdg-document-portal")
dbus-daemon[32]: [session uid=1000 pid=32] Activating service name='org.freedesktop.impl.portal.desktop.gtk' requested by ':1.19' (uid=1000 pid=287 comm="/usr/libexec/xdg-desktop-portal")
dbus-daemon[32]: [session uid=1000 pid=32] Activating service name='org.freedesktop.systemd1' requested by ':1.22' (uid=1000 pid=332 comm="systemctl --user start xfce4-notifyd.service")
dbus-daemon[32]: [session uid=1000 pid=32] Activating service name='org.freedesktop.thumbnails.Thumbnailer1' requested by ':1.17' (uid=1000 pid=272 comm="xfdesktop")
dbus-daemon[32]: [session uid=1000 pid=32] Activating service name='ca.desrt.dconf' requested by ':1.25' (uid=1000 pid=341 comm="light-locker")
dbus-daemon[32]: [session uid=1000 pid=32] Activating service name='org.gtk.vfs.UDisks2VolumeMonitor' requested by ':1.24' (uid=1000 pid=338 comm="/usr/lib/aarch64-linux-gnu/tumbler-1/tumblerd")
dbus-daemon[32]: [session uid=1000 pid=32] Activating service name='org.gtk.vfs.AfcVolumeMonitor' requested by ':1.24' (uid=1000 pid=338 comm="/usr/lib/aarch64-linux-gnu/tumbler-1/tumblerd")
dbus-daemon[32]: [session uid=1000 pid=32] Activating service name='org.gtk.vfs.GoaVolumeMonitor' requested by ':1.24' (uid=1000 pid=338 comm="/usr/lib/aarch64-linux-gnu/tumbler-1/tumblerd")
dbus-daemon[32]: [session uid=1000 pid=32] Activating service name='org.gtk.vfs.GPhoto2VolumeMonitor' requested by ':1.24' (uid=1000 pid=338 comm="/usr/lib/aarch64-linux-gnu/tumbler-1/tumblerd")
dbus-daemon[32]: [session uid=1000 pid=32] Activating service name='org.gtk.vfs.MTPVolumeMonitor' requested by ':1.24' (uid=1000 pid=338 comm="/usr/lib/aarch64-linux-gnu/tumbler-1/tumblerd")
dbus-daemon[32]: [session uid=1000 pid=32] Activating service name='org.gtk.vfs.Metadata' requested by ':1.17' (uid=1000 pid=272 comm="xfdesktop")
--- keyring dir:
ls: cannot access '/home/vncuser/.local/share/keyrings': No such file or directory
--- os_crypt in Local State:
None
--- Cookies DB:
-rw------- 1 vncuser vncuser 20480 Sep 25 04:43 /home/vncuser/.config/chromium/Default/Cookies
end_utc=2026-09-25T04:43:35Z

=== RERUN after IR-001 in-round test fix (Chromium proctitle is space-joined; first run's NUL-split parser falsely failed although the flag is present, see inspection above) ===
rerun_start_utc=2026-09-25T04:44:09Z
=== $ tests/validate-running-container.sh impl-keyring-arm64-default default
chrome                           RUNNING   pid 41, uptime 0:00:41
copyq                            RUNNING   pid 37, uptime 0:00:41
dbus                             RUNNING   pid 32, uptime 0:00:41
disable_screensaver              EXITED    Sep 25 04:43 AM
fcitx                            RUNNING   pid 35, uptime 0:00:41
socat                            RUNNING   pid 44, uptime 0:00:41
tigervnc                         RUNNING   pid 33, uptime 0:00:41
websockify                       RUNNING   pid 47, uptime 0:00:41
xfce                             RUNNING   pid 34, uptime 0:00:41
PASS: isolated Supervisor 4.3.0, Python 3.13 process ownership, UID/XDG/DBus, VNC, websockify, DevTools, Chromium password-store and profile-write contracts validated.
PASS: Chromium rendered semantic DOM through DevTools: {"title":"BRD-UBUNTU24-001","evidence":"Noble browser render passed"}
PASS: Chromium loaded http://127.0.0.1:6080/ unattended in 69 ms: {"url":"http://127.0.0.1:6080/","readyState":"complete","title":"Directory listing for /"}
PASS: no keyring prompt/provider process or Secret Service activation; vncuser Secret Service request failed in 9 ms: Error org.freedesktop.DBus.Error.ServiceUnknown: The name org.freedesktop.secrets was not provided by any .service files
exit=0
rerun_end_utc=2026-09-25T04:44:12Z

=== supplementary (not a committed check): server-bridge path, xdg-open as vncuser -> chromium.desktop -> /usr/bin/chromium (hand-off to running instance) ===
start_utc=2026-09-25T04:45:29Z
xdg-open exit=0
Opening in existing browser session.
page http://127.0.0.1:6080/?via=xdg-open 'Directory listing for /'
keyring processes: none
secrets activations: 0
end_utc=2026-09-25T04:45:34Z

=== supplementary (not a committed check): cold desktop-path launch; supervisor chrome stopped, then xdg-open as vncuser starts a new Chromium via chromium.desktop -> /usr/bin/chromium ===
start_utc=2026-09-25T04:45:47Z
chrome: stopped
chromium processes after stop: 0
cold-launch main pid=1075
cmdline: /usr/lib/chromium/chromium --password-store=basic --show-component-extension-options --enable-gpu-rasterization --no-default-browser-check --disable-pings --media-router=0 --disable-dev-shm-usage --enable-remote-extensions --load-extension http://127.0.0.1:6080/?via=cold-xdg-open 
RESULT: --password-store=basic present
keyring processes: 1244 bash -c for p in $(pgrep -u vncuser -f "^/usr/lib/chromium/chromium "); do c="$(tr "\0" " " < /proc/$p/cmdline)"; [[ " $c " != *" --type="* ]] && { echo "cold-launch main pid=$p"; echo "cmdline: $c"; [[ " $c " == *" --password-store=basic "* ]] && echo "RESULT: --password-store=basic present" || echo "RESULT: flag MISSING"; }; done; echo "keyring processes: $(pgrep -af "gcr-prompter|gnome-keyring-daemon" || echo none)"; echo "secrets activations: $(grep -c "org.freedesktop.secrets" /var/log/supervisor/dbus.err.log)"
1272 bash -c for p in $(pgrep -u vncuser -f "^/usr/lib/chromium/chromium "); do c="$(tr "\0" " " < /proc/$p/cmdline)"; [[ " $c " != *" --type="* ]] && { echo "cold-launch main pid=$p"; echo "cmdline: $c"; [[ " $c " == *" --password-store=basic "* ]] && echo "RESULT: --password-store=basic present" || echo "RESULT: flag MISSING"; }; done; echo "keyring processes: $(pgrep -af "gcr-prompter|gnome-keyring-daemon" || echo none)"; echo "secrets activations: $(grep -c "org.freedesktop.secrets" /var/log/supervisor/dbus.err.log)"
secrets activations: 0
chrome: started
chrome                           RUNNING   pid 1288, uptime 0:00:05
end_utc=2026-09-25T04:46:06Z
--- note: the 'keyring processes' output above listed only the ad-hoc evidence 'bash -c' command, whose own text contains the pgrep pattern (self-match). Clean re-check by exact process name:
gcr-prompter: none
gnome-keyring-daemon: none
ls: cannot access '/usr/bin/gnome-keyring-daemon': No such file or directory
--- committed runtime contract after the cold-launch experiment and supervisor restart:
PASS: isolated Supervisor 4.3.0, Python 3.13 process ownership, UID/XDG/DBus, VNC, websockify, DevTools, Chromium password-store and profile-write contracts validated.
PASS: Chromium rendered semantic DOM through DevTools: {"title":"BRD-UBUNTU24-001","evidence":"Noble browser render passed"}
PASS: Chromium loaded http://127.0.0.1:6080/ unattended in 94 ms: {"url":"http://127.0.0.1:6080/","readyState":"complete","title":"Directory listing for /"}
PASS: no keyring prompt/provider process or Secret Service activation; vncuser Secret Service request failed in 62 ms: Error org.freedesktop.DBus.Error.ServiceUnknown: The name org.freedesktop.secrets was not provided by any .service files
exit=0
