start_utc=2026-09-25T04:57:04Z
impl-keyring-arm64-default
impl-keyring-arm64-default-profile
impl-keyring-arm64-zh
impl-keyring-arm64-zh-profile
impl-keyring-arm64-custom-1234
impl-keyring-arm64-custom-1234-profile
impl-keyring-amd64-default
impl-keyring-amd64-default-profile
impl-keyring-amd64-zh
impl-keyring-amd64-zh-profile
remaining impl-keyring containers: 0
remaining impl-keyring volumes: 0
kept local task images (removable; not published):
autobyteus/chrome-vnc:impl-keyring-amd64-default 8a2028374d72
autobyteus/chrome-vnc:impl-keyring-amd64-zh 3bf2ccdbec64
autobyteus/chrome-vnc:impl-keyring-arm64-custom-1234 56b63b194768
autobyteus/chrome-vnc:impl-keyring-arm64-zh 0760a263fc8d
autobyteus/chrome-vnc:impl-keyring-arm64-default bb66fdb1be89
local autobyteus/chrome-vnc:latest and :zh tags untouched: sha256:f5a12a4fc553 / sha256:24ca92cb4a27
user's autobyteus-server-* containers untouched: autobyteus-server-0 autobyteus-server-1 autobyteus-server-2 autobyteus-server-3 autobyteus-server-4 autobyteus-server-5 autobyteus-server-6 
end_utc=2026-09-25T04:57:11Z
