===== autobyteus/chrome-vnc:1.4.0 =====
Command: docker buildx imagetools inspect autobyteus/chrome-vnc:1.4.0
ERROR: docker.io/autobyteus/chrome-vnc:1.4.0: not found
Result: NOT PRESENT OR INSPECTION FAILED (exit 1)

===== autobyteus/chrome-vnc:1.4.0-zh =====
Command: docker buildx imagetools inspect autobyteus/chrome-vnc:1.4.0-zh
ERROR: docker.io/autobyteus/chrome-vnc:1.4.0-zh: not found
Result: NOT PRESENT OR INSPECTION FAILED (exit 1)

===== autobyteus/chrome-vnc:latest =====
Command: docker buildx imagetools inspect autobyteus/chrome-vnc:latest
Name:      docker.io/autobyteus/chrome-vnc:latest
MediaType: application/vnd.oci.image.index.v1+json
Digest:    sha256:f5a12a4fc553d40158b6d6c5f87e3ea0a2bcfbc71e3cb8153f7a3aa310241029
           
Manifests: 
  Name:      docker.io/autobyteus/chrome-vnc:latest@sha256:5e182e5f9157dbe5306b8e08f4a8230476c1ad2c42bd7b5dfc9119a2e632ea83
  MediaType: application/vnd.oci.image.manifest.v1+json
  Platform:  linux/amd64
             
  Name:      docker.io/autobyteus/chrome-vnc:latest@sha256:3c4d79b985ca22a6c14e52eb5bcbc3411021069600aff4e30038082d1976312a
  MediaType: application/vnd.oci.image.manifest.v1+json
  Platform:  linux/arm64
Result: PRESENT

===== autobyteus/chrome-vnc:zh =====
Command: docker buildx imagetools inspect autobyteus/chrome-vnc:zh
Name:      docker.io/autobyteus/chrome-vnc:zh
MediaType: application/vnd.oci.image.index.v1+json
Digest:    sha256:24ca92cb4a274be088901f679ae9bb31317d2b73c3ab954d2fc8f631e6713071
           
Manifests: 
  Name:      docker.io/autobyteus/chrome-vnc:zh@sha256:371fd7cbc83291f722ddb0d9f6ff177125fd1cd2ecc643dcc156a100ca8c32ae
  MediaType: application/vnd.oci.image.manifest.v1+json
  Platform:  linux/amd64
             
  Name:      docker.io/autobyteus/chrome-vnc:zh@sha256:759019fc633a1cd50cfa0c4f523bff3b0edca335616d1cbceddc2626127d4257
  MediaType: application/vnd.oci.image.manifest.v1+json
  Platform:  linux/arm64
Result: PRESENT

===== autobyteus/chrome-vnc:1.3.8 =====
Command: docker buildx imagetools inspect autobyteus/chrome-vnc:1.3.8
Name:      docker.io/autobyteus/chrome-vnc:1.3.8
MediaType: application/vnd.oci.image.index.v1+json
Digest:    sha256:f5a12a4fc553d40158b6d6c5f87e3ea0a2bcfbc71e3cb8153f7a3aa310241029
           
Manifests: 
  Name:      docker.io/autobyteus/chrome-vnc:1.3.8@sha256:5e182e5f9157dbe5306b8e08f4a8230476c1ad2c42bd7b5dfc9119a2e632ea83
  MediaType: application/vnd.oci.image.manifest.v1+json
  Platform:  linux/amd64
             
  Name:      docker.io/autobyteus/chrome-vnc:1.3.8@sha256:3c4d79b985ca22a6c14e52eb5bcbc3411021069600aff4e30038082d1976312a
  MediaType: application/vnd.oci.image.manifest.v1+json
  Platform:  linux/arm64
Result: PRESENT

===== autobyteus/chrome-vnc:1.3.8-zh =====
Command: docker buildx imagetools inspect autobyteus/chrome-vnc:1.3.8-zh
Name:      docker.io/autobyteus/chrome-vnc:1.3.8-zh
MediaType: application/vnd.oci.image.index.v1+json
Digest:    sha256:24ca92cb4a274be088901f679ae9bb31317d2b73c3ab954d2fc8f631e6713071
           
Manifests: 
  Name:      docker.io/autobyteus/chrome-vnc:1.3.8-zh@sha256:371fd7cbc83291f722ddb0d9f6ff177125fd1cd2ecc643dcc156a100ca8c32ae
  MediaType: application/vnd.oci.image.manifest.v1+json
  Platform:  linux/amd64
             
  Name:      docker.io/autobyteus/chrome-vnc:1.3.8-zh@sha256:759019fc633a1cd50cfa0c4f523bff3b0edca335616d1cbceddc2626127d4257
  MediaType: application/vnd.oci.image.manifest.v1+json
  Platform:  linux/arm64
Result: PRESENT

