BRD-UBUNTU24-001 Delivery integration refresh DR-003
Date: 2026-09-01
Ticket branch: requirements/ubuntu-24-minimal-base
Checkpoint HEAD: ffda31a1edaf1d67c45310474aee465886f1b3e2
Latest tracked origin/main: fb0f59372254b853e85c69046aa921f1d59d96c7
Merge base: 2bc0b4a26c87bdf6903e4977679849e5f7ee0bef
Ahead/behind HEAD...origin/main: 13	4

Attempted command: git merge --no-ff origin/main
Result: CONFLICT; merge not committed; delivery blocked and rerouted.

Unmerged paths:
Dockerfile
README.md
VERSION
base.conf

Conflict excerpts:
diff --cc Dockerfile
index b0c0346,35d05be..0000000
--- a/Dockerfile
+++ b/Dockerfile
@@@ -64,11 -66,9 +65,17 @@@ RUN apt-get update && 
      xfce4-terminal \
      # Runtimes
      nodejs \
++<<<<<<< HEAD
 +    python3 \
 +    python3-dev \
 +    python3-pip \
 +    python3-venv \
 +    python-is-python3 \
++=======
+     python3.13 \
+     python3.13-dev \
+     python3.13-venv \
++>>>>>>> origin/main
      && if [ "${IMAGE_VARIANT}" = "zh" ]; then \
          apt-get install -y \
          # Fonts and locales
@@@ -139,16 -135,11 +146,24 @@@ RUN if [ "${IMAGE_VARIANT}" = "zh" ]; t
      fi
  
  # Layer 3: Post-installation configuration
++<<<<<<< HEAD
 +# Keep Python-installed image tooling out of Noble's externally managed system
 +# environment. The public commands use the isolated environment while python3
 +# and python continue to resolve to Ubuntu's native Python 3.12 interpreter.
 +RUN python3 -m venv /opt/browser-tools && \
 +    /opt/browser-tools/bin/python -m pip install --upgrade pip wheel setuptools && \
 +    /opt/browser-tools/bin/python -m pip install websockify uv && \
 +    ln -s /opt/browser-tools/bin/websockify /usr/local/bin/websockify && \
 +    ln -s /opt/browser-tools/bin/uv /usr/local/bin/uv && \
 +    WEBSOCKIFY_PACKAGE_DIR="$(/opt/browser-tools/bin/python -c 'from pathlib import Path; import websockify; print(Path(websockify.__file__).parent)')" && \
 +    ln -s "${WEBSOCKIFY_PACKAGE_DIR}" /usr/local/share/websockify && \
++=======
+ RUN update-alternatives --install /usr/bin/python3 python3 /usr/bin/python3.13 1 && \
+     update-alternatives --install /usr/bin/python python /usr/bin/python3 1 && \
+     python3 -m ensurepip && \
+     python3 -m pip install --upgrade pip wheel setuptools && \
+     python3 -m pip install supervisor==4.3.0 websockify uv && \
++>>>>>>> origin/main
      npm install -g yarn
  
  # Configure npm and yarn for the vncuser to use a local directory for global packages.
diff --cc README.md
index a14e801,3509546..0000000
--- a/README.md
+++ b/README.md
@@@ -3,9 -3,9 +3,13 @@@
  This repository contains a Docker setup for a browser environment with VNC access, optimized for multi-architecture builds.
  
  ## Features
 -- Ubuntu 22.04 with XFCE4 desktop environment
 +- Canonical's official minimal Ubuntu 24.04 LTS OCI base with XFCE4 desktop environment
  - Chromium browser pre-installed and configured
++<<<<<<< HEAD
 +- Ubuntu-native Python 3.12, Node.js 22, and Yarn
++=======
+ - Python 3.13, Supervisor 4.3.0, Node.js 22, and Yarn
++>>>>>>> origin/main
  - TigerVNC (`Xvnc`) server for remote desktop access
  - Screen lock/screensaver disabled for uninterrupted operation
  - Multi-architecture support (AMD64 and ARM64)
diff --cc VERSION
index 88c5fb8,e05cb33..0000000
--- a/VERSION
+++ b/VERSION
@@@ -1,1 -1,1 +1,5 @@@
++<<<<<<< HEAD
 +1.4.0
++=======
+ 1.3.8
++>>>>>>> origin/main
diff --cc base.conf
index 20fa452,fa99fce..0000000
--- a/base.conf
+++ b/base.conf
@@@ -58,9 -58,9 +58,9 @@@ stdout_logfile=/var/log/supervisor/copy
  stderr_logfile=/var/log/supervisor/copyq.err.log
  
  [program:chrome]
- command=/usr/bin/chromium --no-first-run --disable-gpu --disable-dev-shm-usage --remote-debugging-port=9222
+ command=/usr/local/bin/start-chrome.sh
  user=vncuser
 -environment=HOME="/home/vncuser",USER="vncuser",DISPLAY=":99",XAUTHORITY="/home/vncuser/.Xauthority",DBUS_SESSION_BUS_ADDRESS="unix:path=/run/user/1000/bus",XDG_RUNTIME_DIR="/run/user/1000",LANG="en_US.UTF-8",LC_ALL="en_US.UTF-8"
 +environment=HOME="/home/vncuser",USER="vncuser",DISPLAY=":99",XAUTHORITY="/home/vncuser/.Xauthority",DBUS_SESSION_BUS_ADDRESS="unix:path=%(ENV_XDG_RUNTIME_DIR)s/bus",XDG_RUNTIME_DIR="%(ENV_XDG_RUNTIME_DIR)s",LANG="en_US.UTF-8",LC_ALL="en_US.UTF-8"
  autorestart=true
  priority=400
  depends_on=dbus,tigervnc,fcitx
@@@ -76,7 -76,7 +76,11 @@@ stdout_logfile=/var/log/supervisor/soca
  stderr_logfile=/var/log/supervisor/socat.err.log
  
  [program:websockify]
++<<<<<<< HEAD
 +command=websockify --web=/usr/local/share/websockify 6080 localhost:5900
++=======
+ command=websockify --web=/usr/local/lib/python3.13/dist-packages/websockify 6080 localhost:5900
++>>>>>>> origin/main
  user=vncuser
  autorestart=true
  priority=450

origin/main commits since the branch point:
6aa8421d483c053df20043e2d589893129a0009a Release 1.3.7 with Python 3.13 and gh
d7fcbee8c68cef5314e28a4ced98e08d10d2ea94 docs(release): record browser docker 1.3.7 publication
410b1f4d10a5f713431eab6eeb9eedb1d2bc6e39 fix: make supervisor compatible with Python 3.13
fb0f59372254b853e85c69046aa921f1d59d96c7 docs(release): record browser docker 1.3.8 publication
