=== UTC ===
2026-09-01T12:00:14Z
=== git ===
## requirements/ubuntu-24-minimal-base...origin/requirements/ubuntu-24-minimal-base
 M requirements/ubuntu-24-minimal-base/api-e2e-coverage-investigation.md
?? requirements/ubuntu-24-minimal-base/evidence/host-round3-preflight.log
951da036e1f6e600b79e7ba7ee8897a3108410af
e604ffa1ee8d3e33aa83a4960b48e434647e965b
=== host ===
Darwin MacBookPro 25.5.0 Darwin Kernel Version 25.5.0: Tue Jun  9 22:18:58 PDT 2026; root:xnu-12377.121.10~1/RELEASE_ARM64_T6000 arm64
arm64
=== docker/buildx ===
Client:
 Version:           29.0.1
 API version:       1.52
 Go version:        go1.25.4
 Git commit:        eedd969
 Built:             Fri Nov 14 16:16:57 2025
 OS/Arch:           darwin/arm64
 Context:           desktop-linux

Server: Docker Desktop 4.52.0 (210994)
 Engine:
  Version:          29.0.1
  API version:      1.52 (minimum version 1.44)
  Go version:       go1.25.4
  Git commit:       198b5e3
  Built:            Fri Nov 14 16:18:20 2025
  OS/Arch:          linux/arm64
  Experimental:     false
 containerd:
  Version:          v2.1.5
  GitCommit:        fcd43222d6b07379a4be9786bda52438f0dd16a1
 runc:
  Version:          1.3.3
  GitCommit:        v1.3.3-0-gd842d771
 docker-init:
  Version:          0.19.0
  GitCommit:        de40ad0
github.com/docker/buildx v0.29.1-desktop.1 28f6246ff24e2c05095e8741e48c48dcb2d3b4bc
Name:          multi-platform-builder
Driver:        docker-container
Last Activity: 2026-08-21 05:03:53 +0000 UTC

Nodes:
Name:                  multi-platform-builder0
Endpoint:              desktop-linux
Status:                running
BuildKit daemon flags: --allow-insecure-entitlement=network.host
BuildKit version:      v0.26.2
Platforms:             linux/arm64, linux/amd64, linux/amd64/v2, linux/riscv64, linux/ppc64le, linux/s390x, linux/386, linux/arm/v7, linux/arm/v6
Labels:
 org.mobyproject.buildkit.worker.executor:         oci
 org.mobyproject.buildkit.worker.hostname:         f2ce6963d486
 org.mobyproject.buildkit.worker.network:          host
 org.mobyproject.buildkit.worker.oci.process-mode: sandbox
 org.mobyproject.buildkit.worker.selinux.enabled:  false
 org.mobyproject.buildkit.worker.snapshotter:      overlayfs
GC Policy rule#0:
 All:            false
 Filters:        type==source.local,type==exec.cachemount,type==source.git.checkout
 Keep Duration:  48h0m0s
 Max Used Space: 488.3MiB
GC Policy rule#1:
 All:            false
 Keep Duration:  1440h0m0s
 Reserved Space: 9.313GiB
 Max Used Space: 93.13GiB
 Min Free Space: 340.9GiB
GC Policy rule#2:
 All:            false
 Reserved Space: 9.313GiB
 Max Used Space: 93.13GiB
 Min Free Space: 340.9GiB
GC Policy rule#3:
 All:            true
 Reserved Space: 9.313GiB
 Max Used Space: 93.13GiB
 Min Free Space: 340.9GiB
=== bash syntax ===
PASS bash -n scripts
=== git diff check implementation vs parent ===
PASS git diff --check implementation
=== source contract ===
PASS: source, build, release, runtime-path, port, and documentation contracts are consistent.
=== active obsolete scan ===
tests/validate-source-contract.sh:31:assert_not_contains 'ubuntu:22\.04|Ubuntu 22\.04|python3\.11|deadsnakes' \
tests/validate-image.sh:59:! grep -Rqi 'deadsnakes' /etc/apt/sources.list /etc/apt/sources.list.d 2>/dev/null || fail "Deadsnakes APT source is present"
PASS obsolete scan
=== documented default local clean build script preflight ===
Building version: 1.4.0
No --push flag detected. Defaulting to build and load for local architecture.
Name:          multi-platform-builder
Driver:        docker-container
Last Activity: 2026-08-21 05:03:53 +0000 UTC

Nodes:
Name:                  multi-platform-builder0
Endpoint:              desktop-linux
Status:                running
BuildKit daemon flags: --allow-insecure-entitlement=network.host
BuildKit version:      v0.26.2
Platforms:             linux/arm64, linux/amd64, linux/amd64/v2, linux/riscv64, linux/ppc64le, linux/s390x, linux/386, linux/arm/v7, linux/arm/v6
Labels:
 org.mobyproject.buildkit.worker.executor:         oci
 org.mobyproject.buildkit.worker.hostname:         f2ce6963d486
 org.mobyproject.buildkit.worker.network:          host
 org.mobyproject.buildkit.worker.oci.process-mode: sandbox
 org.mobyproject.buildkit.worker.selinux.enabled:  false
 org.mobyproject.buildkit.worker.snapshotter:      overlayfs
GC Policy rule#0:
 All:            false
 Filters:        type==source.local,type==exec.cachemount,type==source.git.checkout
 Keep Duration:  48h0m0s
 Max Used Space: 488.3MiB
GC Policy rule#1:
 All:            false
 Keep Duration:  1440h0m0s
 Reserved Space: 9.313GiB
 Max Used Space: 93.13GiB
 Min Free Space: 340.9GiB
GC Policy rule#2:
 All:            false
 Reserved Space: 9.313GiB
 Max Used Space: 93.13GiB
 Min Free Space: 340.9GiB
GC Policy rule#3:
 All:            true
 Reserved Space: 9.313GiB
 Max Used Space: 93.13GiB
 Min Free Space: 340.9GiB
Error: Unsupported architecture for --load: arm64
build-multi-arch.sh rc=1
CONFIRMED: documented Apple Silicon local-build path rejects host uname arm64 before build.
